[backblue.gif]
[fade.gif]
[index.html]
[use.fontawesome.com/releases/v5.8.2/css/brands.css]
[use.fontawesome.com/releases/v5.8.2/css/fontawesome.css]
[deeply-neon-blackcurrant.glitch.me/app.js]
[deeply-neon-blackcurrant.glitch.me/chat.js]
[deeply-neon-blackcurrant.glitch.me/leaderboard.js]
[deeply-neon-blackcurrant.glitch.me/massBar.js]
[deeply-neon-blackcurrant.glitch.me/buildOptions.js]
[deeply-neon-blackcurrant.glitch.me/musicBox.js]
[deeply-neon-blackcurrant.glitch.me/storageConf.js]
[use.fontawesome.com/releases/v5.11.2/css/all.css]
[deeply-neon-blackcurrant.glitch.me/vendors5ecb.js]
[deeply-neon-blackcurrant.glitch.me/core5ecb.js]
[deeply-neon-blackcurrant.glitch.me/indexec92.html]
[use.fontawesome.com/releases/v5.8.2/css/brands.css]
[use.fontawesome.com/releases/v5.8.2/css/fontawesome.css]
[deeply-neon-blackcurrant.glitch.me/assets/Geogrotesque-Regular.eot]
[deeply-neon-blackcurrant.glitch.me/assets/Geogrotesque-Regulard41d.eot]
[deeply-neon-blackcurrant.glitch.me/assets/Geogrotesque-Regular.woff2]
[deeply-neon-blackcurrant.glitch.me/assets/Geogrotesque-Regular.woff]
[deeply-neon-blackcurrant.glitch.me/assets/Geogrotesque-Regular.ttf]
[cdn.glitch.com/3932d60d-d8c1-411c-98dd-ec4c9d5a3d5c/wallpaper.jpg]
[deeply-neon-blackcurrant.glitch.me/davi3032.css]
[use.fontawesome.com/releases/v5.11.2/css/all.css]
[deeply-neon-blackcurrant.glitch.me/assets/Geogrotesque-Regular.svg]
[i.imgur.com/xFUIeoX.gif]
[saigo.hslo.io/resources/kkPQPdzeBt6eb5.png]
[saigo.hslo.io/resources/eAhmsuAKEm400e.png]
[i.imgur.com/ISgELNX.png]
